============================= test session starts =============================
platform win32 -- Python 3.13.5, pytest-9.0.2, pluggy-1.6.0 -- C:\Users\perahmat\Downloads\SCI-ARC\.venv\Scripts\python.exe
cachedir: .pytest_cache
rootdir: C:\Users\perahmat\Downloads\SCI-ARC
configfile: pytest.ini
plugins: cov-7.0.0
collecting ... collected 20 items

tests/test_hpm_smoke_real_data.py::TestHPMConfiguration::test_hpm_config_from_rlan_config PASSED [  5%]
tests/test_hpm_smoke_real_data.py::TestHPMConfiguration::test_hpm_model_initialization PASSED [ 10%]
tests/test_hpm_smoke_real_data.py::TestHPMConfiguration::test_hpm_disabled_by_default PASSED [ 15%]
tests/test_hpm_smoke_real_data.py::TestHPMForwardPass::test_forward_single_task PASSED [ 20%]
tests/test_hpm_smoke_real_data.py::TestHPMForwardPass::test_forward_multiple_tasks PASSED [ 25%]
tests/test_hpm_smoke_real_data.py::TestHPMGateEvolution::test_gate_starts_at_zero PASSED [ 30%]
tests/test_hpm_smoke_real_data.py::TestHPMGateEvolution::test_gate_can_learn PASSED [ 35%]
tests/test_hpm_smoke_real_data.py::TestBankRoutingDiversity::test_routing_is_sparse FAILED [ 40%]
tests/test_hpm_smoke_real_data.py::TestBankRoutingDiversity::test_load_balance_loss_works PASSED [ 45%]
tests/test_hpm_smoke_real_data.py::TestDynamicBankPopulation::test_procedural_buffer_grows PASSED [ 50%]
tests/test_hpm_smoke_real_data.py::TestDynamicBankPopulation::test_instance_buffer_grows PASSED [ 55%]
tests/test_hpm_smoke_real_data.py::TestMemoryQuality::test_similar_embeddings_retrieve_similar_memories PASSED [ 60%]
tests/test_hpm_smoke_real_data.py::TestMemoryQuality::test_model_forward_produces_varying_outputs PASSED [ 65%]
tests/test_hpm_smoke_real_data.py::TestHPMTrainingIntegration::test_training_step_with_hpm PASSED [ 70%]
tests/test_hpm_smoke_real_data.py::TestHPMEvaluationIntegration::test_evaluation_uses_hpm PASSED [ 75%]
tests/test_hpm_smoke_real_data.py::TestHPMEvaluationIntegration::test_hpm_retrieval_during_eval PASSED [ 80%]
tests/test_hpm_smoke_real_data.py::TestContinualLearning::test_dynamic_banks_update_during_inference PASSED [ 85%]
tests/test_hpm_smoke_real_data.py::TestContinualLearning::test_static_banks_frozen_during_inference PASSED [ 90%]
tests/test_hpm_smoke_real_data.py::TestHPMHealthMetrics::test_stats_include_all_banks PASSED [ 95%]
tests/test_hpm_smoke_real_data.py::TestHPMHealthMetrics::test_stats_updated_per_epoch PASSED [100%]

================================== FAILURES ===================================
E   assert 0.0 > 0
---------------------------- Captured stdout call -----------------------------
[RecursiveSolver] Output head initialized: bg_bias=-0.5 (ANTI-COLLAPSE), fg_bias=0.0\n[RecursiveSolver] Phase 2.5: Solver cross-attention ENABLED (4 heads)\n[HPM] Initialized with 5 banks:\n      Static: ['COMPOSITIONAL', 'PATTERN', 'RELATIONAL']\n      Dynamic: ['PROCEDURAL', 'INSTANCE']\n      Top-K routing: k=2\n      Gated residual: \u03b1=0 (starts at 0 contribution)\nRLAN Module Config: Enabled=[ContextEncoder, DSC, MSRE, SolverContext, HPM], Disabled=[LCR, SPH, ACT, HyperLoRA]
C:\Users\perahmat\Downloads\SCI-ARC\tests\test_hpm_smoke_real_data.py:314: assert 0.0 > 0
=========================== short test summary info ===========================
FAILED tests/test_hpm_smoke_real_data.py::TestBankRoutingDiversity::test_routing_is_sparse
======================== 1 failed, 19 passed in 5.67s =========================
